<?xml version="1.0" ?>
<dataset>
    <users id="1" email="john.doe@gmail.com" first_name="John" last_name="Doe" password="123john" />
    <users id="2" email="gina.doe@gmail.com" first_name="Gin" last_name="Doe" password="123gina" />
    <users id="3" email="tesla@gmail.com" first_name="Nikola" last_name="Tesla" password="ac123dc" />
</dataset> 