<?xml version="1.0" ?>
<dataset>
    <users id="2" email="gina.doe@gmail.com" first_name="Gin" last_name="Doe" password="123gina" filename=""/>
</dataset> 