<?xml version="1.0" ?>
<dataset>
    <users id="1" email="john.doe@gmail.com" first_name="John" last_name="Doe" password="123john" />
</dataset> 